Microchip Technology Inc, v1.41 (B)

Tool Name:
  /opt/microchip/xc16/v1.41/bin/bin/../bin/elf-ld

Command:
  -p30F4013 \
  --mdfp=/opt/microchip/mplabx/v5.30/packs/Microchip/dsPIC30F_DFP/1.1.32/xc16 \
  -o \
  dist/default/production/seno.X.production.elf \
  -L/opt/microchip/xc16/v1.41/bin/bin/.. \
  -L/opt/microchip/mplabx/v5.30/packs/Microchip/dsPIC30F_DFP/1.1.32/xc16/bin/../support/dsPIC30F/gld \
  -L/opt/microchip/xc16/v1.41/bin/bin/../../lib \
  -L/opt/microchip/xc16/v1.41/bin/bin/../../lib/PIC24E \
  -L/opt/microchip/xc16/v1.41/bin/bin/../../support/PIC24E/gld \
  -L/opt/microchip/xc16/v1.41/bin/bin/../../lib/PIC24F \
  -L/opt/microchip/xc16/v1.41/bin/bin/../../support/PIC24F/gld \
  -L/opt/microchip/xc16/v1.41/bin/bin/../../lib/PIC24H \
  -L/opt/microchip/xc16/v1.41/bin/bin/../../support/PIC24H/gld \
  -L/opt/microchip/xc16/v1.41/bin/bin/../../lib/dsPIC30F \
  -L/opt/microchip/xc16/v1.41/bin/bin/../../support/dsPIC30F/gld \
  -L/opt/microchip/xc16/v1.41/bin/bin/../../support/dsPIC33C/gld \
  -L/opt/microchip/xc16/v1.41/bin/bin/../../lib/dsPIC33E \
  -L/opt/microchip/xc16/v1.41/bin/bin/../../support/dsPIC33E/gld \
  -L/opt/microchip/xc16/v1.41/bin/bin/../../lib/dsPIC33F \
  -L/opt/microchip/xc16/v1.41/bin/bin/../../support/dsPIC33F/gld \
  build/default/production/seno.o \
  /opt/microchip/xc16/v1.41/lib/libdsp-elf.a \
  /opt/microchip/xc16/v1.41/lib/libc-elf.a \
  /opt/microchip/xc16/v1.41/lib/libq-dsp-elf.a \
  /opt/microchip/xc16/v1.41/lib/libpic30-elf.a \
  --defsym=__MPLAB_BUILD=1 \
  -Tp30F4013.gld.00 \
  --stack=16 \
  --check-sections \
  --data-init \
  --pack-data \
  --handles \
  --isr \
  --no-gc-sections \
  --fill-upper=0 \
  --stackguard=16 \
  --no-force-link \
  --smart-io \
  -Map=dist/default/production/seno.X.production.map \
  --report-mem \
  --memorysummary \
  dist/default/production/memoryfile.xml \
  -start-group \
  --library=lega-pic30-elf \
  --library=m-elf \
  --library=lega-c-elf \
  -end-group \

Archive member included because of file (symbol)

/opt/microchip/xc16/v1.41/lib/libdsp-elf.a(frct2flt.deo)
                              build/default/production/seno.o (_Fract2Float)
/opt/microchip/xc16/v1.41/lib/libdsp-elf.a(vadd.deo)
                              build/default/production/seno.o (_VectorAdd)
/opt/microchip/xc16/v1.41/lib/libdsp-elf.a(vdot.deo)
                              build/default/production/seno.o (_VectorDotProduct)
/opt/microchip/xc16/v1.41/lib/libc-elf.a(printf_fF.XXeo)
                              build/default/production/seno.o (__printf_fF)
/opt/microchip/xc16/v1.41/lib/libc-elf.a(_iob.eo)
                              /opt/microchip/xc16/v1.41/lib/libc-elf.a(printf_fF.XXeo) (__iob)
/opt/microchip/xc16/v1.41/lib/libc-elf.a(doprnt_fF.XXeo)
                              /opt/microchip/xc16/v1.41/lib/libc-elf.a(printf_fF.XXeo) (__vfprintf_fF)
/opt/microchip/xc16/v1.41/lib/libc-elf.a(fputc.eo)
                              /opt/microchip/xc16/v1.41/lib/libc-elf.a(doprnt_fF.XXeo) (_fputc)
/opt/microchip/xc16/v1.41/lib/libc-elf.a(powers.dXXeo)
                              /opt/microchip/xc16/v1.41/lib/libc-elf.a(doprnt_fF.XXeo) (__powers_)
/opt/microchip/xc16/v1.41/lib/libc-elf.a(flsbuf.eo)
                              /opt/microchip/xc16/v1.41/lib/libc-elf.a(fputc.eo) (__flsbuf)
/opt/microchip/xc16/v1.41/lib/libpic30-elf.a(crt0_standard.o)
                              (__resetPRI)
/opt/microchip/xc16/v1.41/lib/libpic30-elf.a(data_init_standard.o)
                              /opt/microchip/xc16/v1.41/lib/libpic30-elf.a(crt0_standard.o) (__data_init_standard)
/opt/microchip/xc16/v1.41/lib/libpic30-elf.a(crt_start_mode_normal.eo)
                              (__crt_start_mode_normal)
/opt/microchip/xc16/v1.41/lib/libpic30-elf.a(write.eo)
                              /opt/microchip/xc16/v1.41/lib/libc-elf.a(fputc.eo) (_write)
/opt/microchip/xc16/v1.41/lib/libpic30-elf.a(c30_uart.eo)
                              /opt/microchip/xc16/v1.41/lib/libpic30-elf.a(write.eo) (___C30_UART)
/opt/microchip/xc16/v1.41/bin/bin/../../lib/libm-elf.a(adddf3.eo)
                              /opt/microchip/xc16/v1.41/lib/libc-elf.a(doprnt_fF.XXeo) (___adddf3)
/opt/microchip/xc16/v1.41/bin/bin/../../lib/libm-elf.a(deqltle.eo)
                              /opt/microchip/xc16/v1.41/lib/libc-elf.a(doprnt_fF.XXeo) (___ltdf2)
/opt/microchip/xc16/v1.41/bin/bin/../../lib/libm-elf.a(dgtge.eo)
                              /opt/microchip/xc16/v1.41/lib/libc-elf.a(doprnt_fF.XXeo) (___gedf2)
/opt/microchip/xc16/v1.41/bin/bin/../../lib/libm-elf.a(divdf3.eo)
                              /opt/microchip/xc16/v1.41/lib/libc-elf.a(doprnt_fF.XXeo) (___divdf3)
/opt/microchip/xc16/v1.41/bin/bin/../../lib/libm-elf.a(dne.eo)
                              /opt/microchip/xc16/v1.41/lib/libc-elf.a(doprnt_fF.XXeo) (___nedf2)
/opt/microchip/xc16/v1.41/bin/bin/../../lib/libm-elf.a(dpack.eo)
                              /opt/microchip/xc16/v1.41/bin/bin/../../lib/libm-elf.a(adddf3.eo) (__dpack)
/opt/microchip/xc16/v1.41/bin/bin/../../lib/libm-elf.a(dunpack2.eo)
                              /opt/microchip/xc16/v1.41/bin/bin/../../lib/libm-elf.a(adddf3.eo) (__dunpack2)
/opt/microchip/xc16/v1.41/bin/bin/../../lib/libm-elf.a(extendsfdf.eo)
                              /opt/microchip/xc16/v1.41/lib/libc-elf.a(doprnt_fF.XXeo) (___extendsfdf2)
/opt/microchip/xc16/v1.41/bin/bin/../../lib/libm-elf.a(fixunsdfdi.eo)
                              /opt/microchip/xc16/v1.41/lib/libc-elf.a(doprnt_fF.XXeo) (___fixunsdfdi)
/opt/microchip/xc16/v1.41/bin/bin/../../lib/libm-elf.a(floatsisf.eo)
                              /opt/microchip/xc16/v1.41/lib/libdsp-elf.a(frct2flt.deo) (___floatsisf)
/opt/microchip/xc16/v1.41/bin/bin/../../lib/libm-elf.a(floatunsidf.eo)
                              /opt/microchip/xc16/v1.41/lib/libc-elf.a(doprnt_fF.XXeo) (___floatunsidf)
/opt/microchip/xc16/v1.41/bin/bin/../../lib/libm-elf.a(frexp.eo)
                              /opt/microchip/xc16/v1.41/lib/libc-elf.a(doprnt_fF.XXeo) (_frexpl)
/opt/microchip/xc16/v1.41/bin/bin/../../lib/libm-elf.a(funpack.eo)
                              /opt/microchip/xc16/v1.41/bin/bin/../../lib/libm-elf.a(extendsfdf.eo) (__funpack)
/opt/microchip/xc16/v1.41/bin/bin/../../lib/libm-elf.a(muldf3.eo)
                              /opt/microchip/xc16/v1.41/lib/libc-elf.a(doprnt_fF.XXeo) (___muldf3)
/opt/microchip/xc16/v1.41/bin/bin/../../lib/libm-elf.a(mulsf3.eo)
                              /opt/microchip/xc16/v1.41/lib/libdsp-elf.a(frct2flt.deo) (___mulsf3)
/opt/microchip/xc16/v1.41/bin/bin/../../lib/libm-elf.a(subdf3.eo)
                              /opt/microchip/xc16/v1.41/lib/libc-elf.a(doprnt_fF.XXeo) (___subdf3)
/opt/microchip/xc16/v1.41/bin/bin/../../lib/libm-elf.a(udivsi3.eo)
                              /opt/microchip/xc16/v1.41/lib/libc-elf.a(doprnt_fF.XXeo) (___udivsi3)
/opt/microchip/xc16/v1.41/bin/bin/../../lib/libm-elf.a(umodsi3.eo)
                              /opt/microchip/xc16/v1.41/lib/libc-elf.a(doprnt_fF.XXeo) (___umodsi3)
/opt/microchip/xc16/v1.41/bin/bin/../../lib/libm-elf.a(mulsi3.eo)
                              /opt/microchip/xc16/v1.41/lib/libc-elf.a(doprnt_fF.XXeo) (___mulsi3)
/opt/microchip/xc16/v1.41/bin/bin/../../lib/libm-elf.a(dcompare.eo)
                              /opt/microchip/xc16/v1.41/bin/bin/../../lib/libm-elf.a(deqltle.eo) (__dcompare)
/opt/microchip/xc16/v1.41/bin/bin/../../lib/libm-elf.a(dpropagateNaN.eo)
                              /opt/microchip/xc16/v1.41/bin/bin/../../lib/libm-elf.a(dunpack2.eo) (__dPropagateNaN)
/opt/microchip/xc16/v1.41/bin/bin/../../lib/libm-elf.a(dtype.eo)
                              /opt/microchip/xc16/v1.41/bin/bin/../../lib/libm-elf.a(dcompare.eo) (__dtype)
/opt/microchip/xc16/v1.41/bin/bin/../../lib/libm-elf.a(dunpack.eo)
                              /opt/microchip/xc16/v1.41/bin/bin/../../lib/libm-elf.a(dunpack2.eo) (__dunpack)
/opt/microchip/xc16/v1.41/bin/bin/../../lib/libm-elf.a(floatdisf.eo)
                              /opt/microchip/xc16/v1.41/bin/bin/../../lib/libm-elf.a(floatsisf.eo) (___floatdisf)
/opt/microchip/xc16/v1.41/bin/bin/../../lib/libm-elf.a(floatundidf.eo)
                              /opt/microchip/xc16/v1.41/bin/bin/../../lib/libm-elf.a(floatunsidf.eo) (___floatundidf)
/opt/microchip/xc16/v1.41/bin/bin/../../lib/libm-elf.a(floatundisf.eo)
                              /opt/microchip/xc16/v1.41/bin/bin/../../lib/libm-elf.a(floatdisf.eo) (___floatundisf)
/opt/microchip/xc16/v1.41/bin/bin/../../lib/libm-elf.a(fpack.eo)
                              /opt/microchip/xc16/v1.41/bin/bin/../../lib/libm-elf.a(mulsf3.eo) (__fpack)
/opt/microchip/xc16/v1.41/bin/bin/../../lib/libm-elf.a(funpack2.eo)
                              /opt/microchip/xc16/v1.41/bin/bin/../../lib/libm-elf.a(mulsf3.eo) (__funpack2)
/opt/microchip/xc16/v1.41/bin/bin/../../lib/libm-elf.a(futil.eo)
                              /opt/microchip/xc16/v1.41/bin/bin/../../lib/libm-elf.a(mulsf3.eo) (__fPropagateNaN)


Selected CodeGuard Options:
  FGS:GWRP:GWRP_OFF
  FGS:GCP:CODE_PROT_OFF

CodeGuard FLASH Memory:
  boot    (none)
  secure  (none)
  general 0x100 to 0x7ffe

CodeGuard RAM Memory:
  general 0x800 to 0xfff
  secure  (none)
  boot    (none)

CodeGuard EEPROM Memory:
  general 0x7ffc00 to 0x7fffff
  secure  (none)
  boot    (none)


xc16-ld 1.41 (B)

Default Code Model: Small
Default Data Model: Small
Default Scalar Model: Small

"program" Memory  [Origin = 0x100, Length = 0x7f00]

section                    address   length (PC units)   length (bytes) (dec)
-------                    -------   -----------------   --------------------
.text                        0x100              0x147a          0x1eb7  (7863)
.const                      0x157a                 0x4             0x6  (6)
.dinit                      0x157e               0x17e           0x23d  (573)
.text                       0x16fc                0x4c            0x72  (114)

                 Total "program" memory used (bytes):         0x216c  (8556) 17%


"data" Memory  [Origin = 0x800, Length = 0x800]

section                    address      alignment gaps    total length  (dec)
-------                    -------      --------------    -------------------
.ndata                       0x800                   0            0x2c  (44)
.nbss                        0x82c                   0            0x1e  (30)
.data                        0x84a                   0           0x1c6  (454)
.bss                         0xa10                   0             0x6  (6)
.data                        0xa16                   0             0x2  (2)

                 Total "data" memory used (bytes):          0x218  (536) 26%


Dynamic Memory Usage

region                     address                      maximum length  (dec)
------                     -------                      ---------------------
heap                             0                                   0  (0)
stack                        0xa18                               0x5e8  (1512)

                 Maximum dynamic memory (bytes):          0x5e8  (1512)

Note: Project is using a large data memory model when small data memory model is sufficient.


External Symbols in Data Memory (by address):

                    0x0800                  _b
                    0x080c                  _c
                    0x0818                  _coef
                    0x0822                  _val
                    0x082c                  _a
                    0x082e                  _pchar
                    0x0830                  _sum
                    0x083a                  _Y
                    0x083c                  _dosY
                    0x083e                  _start
                    0x0842                  _stop
                    0x084a                  __powers_
                    0x08fa                  __npowers_
                    0x09ea                  __iob
                    0x0a0e                  __Files
                    0x0a10                  __outdone
                    0x0a11                  __sibuf
                    0x0a13                  __sobuf
                    0x0a16                  ___C30_UART

External Symbols in Data Memory (by name):

                    0x083a                  _Y
                    0x0a0e                  __Files
                    0x0a16                  ___C30_UART
                    0x09ea                  __iob
                    0x08fa                  __npowers_
                    0x0a10                  __outdone
                    0x084a                  __powers_
                    0x0a11                  __sibuf
                    0x0a13                  __sobuf
                    0x082c                  _a
                    0x0800                  _b
                    0x080c                  _c
                    0x0818                  _coef
                    0x083c                  _dosY
                    0x082e                  _pchar
                    0x083e                  _start
                    0x0842                  _stop
                    0x0830                  _sum
                    0x0822                  _val

External Symbols in Program Memory (by address):

                  0x000100                  __resetPRI
                  0x00013c                  __psv_init
                  0x000152                  __data_init
                  0x000152                  __data_init_standard
                  0x0001c8                  __DefaultInterrupt
                  0x000250                  _Fract2Float
                  0x000264                  _VectorAdd
                  0x00027e                  _VectorDotProduct
                  0x000298                  __printf_fF
                  0x000436                  __vfprintf_fF
                  0x000e58                  ___adddf3
                  0x000f54                  ___ledf2
                  0x000f54                  ___eqdf2
                  0x000f54                  ___ltdf2
                  0x000f5e                  ___gedf2
                  0x000f5e                  ___gtdf2
                  0x000f68                  ___divdf3
                  0x00101c                  ___nedf2
                  0x001026                  __dpack
                  0x00107e                  __dunpack2
                  0x0010a0                  __dreturnNaN
                  0x0010a6                  __dunpack2exit
                  0x0010b0                  ___extendsfdf2
                  0x0010ee                  ___fixunsdfdi
                  0x001150                  ___floatsisf
                  0x001156                  ___floatunsidf
                  0x00115a                  _frexpl
                  0x00115a                  _frexp
                  0x001194                  __funpack
                  0x0011c0                  ___muldf3
                  0x0012ac                  ___mulsf3
                  0x001314                  ___subdf3
                  0x001318                  ___udivsi3
                  0x001338                  ___umodsi3
                  0x00133e                  ___mulp32eds3
                  0x00133e                  ___mulp32peds3
                  0x00133e                  ___mulsi3
                  0x00134a                  __dcompare
                  0x00139c                  __dPropagateNaN
                  0x0013b8                  __dtype
                  0x0013dc                  __dunpack
                  0x00142a                  ___floatdisf
                  0x00144a                  ___floatundidf
                  0x0014a0                  ___floatundisf
                  0x0014fe                  __fpack
                  0x00154a                  __funpack2
                  0x00155a                  __fPropagateNaN
                  0x00156c                  __fbopExit
                  0x001574                  __fbopReturnNaN
                  0x0016fc                  _main
                  0xf8000a                  __FGS.sec

External Symbols in Program Memory (by name):

                  0x000250                  _Fract2Float
                  0x000264                  _VectorAdd
                  0x00027e                  _VectorDotProduct
                  0x0001c8                  __DefaultInterrupt
                  0xf8000a                  __FGS.sec
                  0x000e58                  ___adddf3
                  0x000f68                  ___divdf3
                  0x000f54                  ___eqdf2
                  0x0010b0                  ___extendsfdf2
                  0x0010ee                  ___fixunsdfdi
                  0x00142a                  ___floatdisf
                  0x001150                  ___floatsisf
                  0x00144a                  ___floatundidf
                  0x0014a0                  ___floatundisf
                  0x001156                  ___floatunsidf
                  0x000f5e                  ___gedf2
                  0x000f5e                  ___gtdf2
                  0x000f54                  ___ledf2
                  0x000f54                  ___ltdf2
                  0x0011c0                  ___muldf3
                  0x00133e                  ___mulp32eds3
                  0x00133e                  ___mulp32peds3
                  0x0012ac                  ___mulsf3
                  0x00133e                  ___mulsi3
                  0x00101c                  ___nedf2
                  0x001314                  ___subdf3
                  0x001318                  ___udivsi3
                  0x001338                  ___umodsi3
                  0x00139c                  __dPropagateNaN
                  0x000152                  __data_init
                  0x000152                  __data_init_standard
                  0x00134a                  __dcompare
                  0x001026                  __dpack
                  0x0010a0                  __dreturnNaN
                  0x0013b8                  __dtype
                  0x0013dc                  __dunpack
                  0x00107e                  __dunpack2
                  0x0010a6                  __dunpack2exit
                  0x00155a                  __fPropagateNaN
                  0x00156c                  __fbopExit
                  0x001574                  __fbopReturnNaN
                  0x0014fe                  __fpack
                  0x001194                  __funpack
                  0x00154a                  __funpack2
                  0x000298                  __printf_fF
                  0x00013c                  __psv_init
                  0x000100                  __resetPRI
                  0x000436                  __vfprintf_fF
                  0x00115a                  _frexp
                  0x00115a                  _frexpl
                  0x0016fc                  _main

Memory Configuration

Name             Origin             Length             Attributes
data             0x000800           0x000800           a !xr
reset            0x000000           0x000004  
ivt              0x000004           0x00007c  
_reserved        0x000080           0x000004  
aivt             0x000084           0x00007c  
program          0x000100           0x007f00           xr
eedata           0x7ffc00           0x000400  
FUID0            0x8005c0           0x000002  
FUID1            0x8005c2           0x000002  
FUID2            0x8005c4           0x000002  
FUID3            0x8005c6           0x000002  
FOSC             0xf80000           0x000002  
FWDT             0xf80002           0x000002  
FBORPOR          0xf80004           0x000002  
RESERVED1        0xf80006           0x000002  
RESERVED2        0xf80008           0x000002  
FGS              0xf8000a           0x000002  
FICD             0xf8000c           0x000002  
*default*        0x000000           0xffffffff  

Linker script and memory map

LOAD build/default/production/seno.o
LOAD /opt/microchip/xc16/v1.41/lib/libdsp-elf.a
LOAD /opt/microchip/xc16/v1.41/lib/libc-elf.a
LOAD /opt/microchip/xc16/v1.41/lib/libq-dsp-elf.a
LOAD /opt/microchip/xc16/v1.41/lib/libpic30-elf.a
                    0x0001                  __MPLAB_BUILD = 0x1
LOAD /opt/microchip/xc16/v1.41/bin/bin/../../lib/dsPIC30F/libp30F4013-elf.a
LOAD /opt/microchip/xc16/v1.41/bin/bin/../../lib/libfx-elf.a
                    0x8005c0                  __FUID0 = 0x8005c0
                    0x8005c2                  __FUID1 = 0x8005c2
                    0x8005c4                  __FUID2 = 0x8005c4
                    0x8005c6                  __FUID3 = 0x8005c6
                    0xf80000                  __FOSC = 0xf80000
                    0xf80002                  __FWDT = 0xf80002
                    0xf80004                  __FBORPOR = 0xf80004
                    0xf80006                  __RESERVED1 = 0xf80006
                    0xf80008                  __RESERVED2 = 0xf80008
                    0xf8000a                  __FGS = 0xf8000a
                    0xf8000c                  __FICD = 0xf8000c
                    0x0001                  __NO_HANDLES = 0x1
                    0x0100                  __CODE_BASE = 0x100
                    0x7f00                  __CODE_LENGTH = 0x7f00
                    0x0004                  __IVT_BASE = 0x4
                    0x0084                  __AIVT_BASE = 0x84
                    0x0800                  __DATA_BASE = 0x800
                    0x0800                  __DATA_LENGTH = 0x800
                    0x0c00                  __YDATA_BASE = 0xc00

.reset            0x000000          0x4
                  0x000000          0x2 SHORT 0x100 ABSOLUTE (__reset)
                  0x000001          0x2 SHORT 0x4
                  0x000002          0x2 SHORT 0x0 ((ABSOLUTE (__reset) >> 0x10) & 0x7f)
                  0x000003          0x2 SHORT 0x0

.text             0x000100       0x147a
 *(.init)
 .init            0x000100         0x4c /opt/microchip/xc16/v1.41/lib/libpic30-elf.a(crt0_standard.o)
                  0x000100                  __reset
                  0x000100                  __resetPRI
                  0x00013c                  __psv_init
 .init            0x00014c         0x7c /opt/microchip/xc16/v1.41/lib/libpic30-elf.a(data_init_standard.o)
                  0x000152                  __data_init
                  0x000152                  __data_init_standard
 *(.user_init)
 *(.handle)
 *(.isr*)
 .isr             0x0001c8          0x4 default_isr
                  0x0001c8                  __DefaultInterrupt
 *(.libc)
 .libc            0x0001cc         0x84 /opt/microchip/xc16/v1.41/lib/libpic30-elf.a(write.eo)
                  0x0001cc                  _write
 *(.libm)
 *(.libdsp)
 .libdsp          0x000250         0x14 /opt/microchip/xc16/v1.41/lib/libdsp-elf.a(frct2flt.deo)
                  0x000250                  _Fract2Float
 .libdsp          0x000264         0x1a /opt/microchip/xc16/v1.41/lib/libdsp-elf.a(vadd.deo)
                  0x000264                  _VectorAdd
 .libdsp          0x00027e         0x1a /opt/microchip/xc16/v1.41/lib/libdsp-elf.a(vdot.deo)
                  0x00027e                  _VectorDotProduct
 *(.lib*)
 .libc._printf_fF
                  0x000298          0xe /opt/microchip/xc16/v1.41/lib/libc-elf.a(printf_fF.XXeo)
                  0x000298                  __printf_fF
 .libc.fround     0x0002a6         0xba /opt/microchip/xc16/v1.41/lib/libc-elf.a(doprnt_fF.XXeo)
 .libc.scale      0x000360         0xc4 /opt/microchip/xc16/v1.41/lib/libc-elf.a(doprnt_fF.XXeo)
 .libc.sputc      0x000424         0x12 /opt/microchip/xc16/v1.41/lib/libc-elf.a(doprnt_fF.XXeo)
 .libc._vfprintf_fF
                  0x000436        0x916 /opt/microchip/xc16/v1.41/lib/libc-elf.a(doprnt_fF.XXeo)
                  0x000436                  __vfprintf_fF
 .libc.fputc      0x000d4c         0x86 /opt/microchip/xc16/v1.41/lib/libc-elf.a(fputc.eo)
                  0x000d4c                  _fputc
 .libc._flsbuf    0x000dd2         0x7e /opt/microchip/xc16/v1.41/lib/libc-elf.a(flsbuf.eo)
                  0x000dd2                  __flsbuf
 .libpic30_crt_start_mode
                  0x000e50          0x2 /opt/microchip/xc16/v1.41/lib/libpic30-elf.a(crt_start_mode_normal.eo)
                  0x000e50                  __crt_start_mode_normal
                  0x000e50                  __crt_start_mode
 .libc.dowrite    0x000e52          0x4 /opt/microchip/xc16/v1.41/lib/libpic30-elf.a(write.eo)
 *fill*           0x000e56          0x400
 .libm.adddf3     0x000e58         0xfc /opt/microchip/xc16/v1.41/bin/bin/../../lib/libm-elf.a(adddf3.eo)
                  0x000e58                  ___adddf3
 .libm.eqdf2      0x000f54          0xa /opt/microchip/xc16/v1.41/bin/bin/../../lib/libm-elf.a(deqltle.eo)
                  0x000f54                  ___ledf2
                  0x000f54                  ___eqdf2
                  0x000f54                  ___ltdf2
 .libm.gtdf2      0x000f5e          0xa /opt/microchip/xc16/v1.41/bin/bin/../../lib/libm-elf.a(dgtge.eo)
                  0x000f5e                  ___gedf2
                  0x000f5e                  ___gtdf2
 .libm.divdf3     0x000f68         0xb4 /opt/microchip/xc16/v1.41/bin/bin/../../lib/libm-elf.a(divdf3.eo)
                  0x000f68                  ___divdf3
 .libm.nedf2      0x00101c          0xa /opt/microchip/xc16/v1.41/bin/bin/../../lib/libm-elf.a(dne.eo)
                  0x00101c                  ___nedf2
 .libm.dpack      0x001026         0x58 /opt/microchip/xc16/v1.41/bin/bin/../../lib/libm-elf.a(dpack.eo)
                  0x001026                  __dpack
 .libm.dunpack2
                  0x00107e         0x32 /opt/microchip/xc16/v1.41/bin/bin/../../lib/libm-elf.a(dunpack2.eo)
                  0x00107e                  __dunpack2
                  0x0010a0                  __dreturnNaN
                  0x0010a6                  __dunpack2exit
 .libm.extendsfdf2
                  0x0010b0         0x3e /opt/microchip/xc16/v1.41/bin/bin/../../lib/libm-elf.a(extendsfdf.eo)
                  0x0010b0                  ___extendsfdf2
 .libm.fixunsdfdi
                  0x0010ee         0x62 /opt/microchip/xc16/v1.41/bin/bin/../../lib/libm-elf.a(fixunsdfdi.eo)
                  0x0010ee                  ___fixunsdfdi
 .libm.floatsisf
                  0x001150          0x6 /opt/microchip/xc16/v1.41/bin/bin/../../lib/libm-elf.a(floatsisf.eo)
                  0x001150                  ___floatsisf
 .libm.floatunsidf
                  0x001156          0x4 /opt/microchip/xc16/v1.41/bin/bin/../../lib/libm-elf.a(floatunsidf.eo)
                  0x001156                  ___floatunsidf
 .libm.frexp      0x00115a         0x3a /opt/microchip/xc16/v1.41/bin/bin/../../lib/libm-elf.a(frexp.eo)
                  0x00115a                  _frexpl
                  0x00115a                  _frexp
 .libm.funpack    0x001194         0x2a /opt/microchip/xc16/v1.41/bin/bin/../../lib/libm-elf.a(funpack.eo)
                  0x001194                  __funpack
 *fill*           0x0011be          0x400
 .libm.muldf3     0x0011c0         0xec /opt/microchip/xc16/v1.41/bin/bin/../../lib/libm-elf.a(muldf3.eo)
                  0x0011c0                  ___muldf3
 .libm.mulsf3     0x0012ac         0x68 /opt/microchip/xc16/v1.41/bin/bin/../../lib/libm-elf.a(mulsf3.eo)
                  0x0012ac                  ___mulsf3
 .libm.subdf3     0x001314          0x4 /opt/microchip/xc16/v1.41/bin/bin/../../lib/libm-elf.a(subdf3.eo)
                  0x001314                  ___subdf3
 .libm.udivsi3    0x001318         0x20 /opt/microchip/xc16/v1.41/bin/bin/../../lib/libm-elf.a(udivsi3.eo)
                  0x001318                  ___udivsi3
 .libm.umodsi3    0x001338          0x6 /opt/microchip/xc16/v1.41/bin/bin/../../lib/libm-elf.a(umodsi3.eo)
                  0x001338                  ___umodsi3
 .libm.mulsi3     0x00133e          0xc /opt/microchip/xc16/v1.41/bin/bin/../../lib/libm-elf.a(mulsi3.eo)
                  0x00133e                  ___mulp32eds3
                  0x00133e                  ___mulp32peds3
                  0x00133e                  ___mulsi3
 .libm.dcompare
                  0x00134a         0x52 /opt/microchip/xc16/v1.41/bin/bin/../../lib/libm-elf.a(dcompare.eo)
                  0x00134a                  __dcompare
 .libm.dPropagateNaN
                  0x00139c         0x1c /opt/microchip/xc16/v1.41/bin/bin/../../lib/libm-elf.a(dpropagateNaN.eo)
                  0x00139c                  __dPropagateNaN
 .libm.dtype      0x0013b8         0x24 /opt/microchip/xc16/v1.41/bin/bin/../../lib/libm-elf.a(dtype.eo)
                  0x0013b8                  __dtype
 .libm.dunpack    0x0013dc         0x4e /opt/microchip/xc16/v1.41/bin/bin/../../lib/libm-elf.a(dunpack.eo)
                  0x0013dc                  __dunpack
 .libm.floatdisf
                  0x00142a         0x20 /opt/microchip/xc16/v1.41/bin/bin/../../lib/libm-elf.a(floatdisf.eo)
                  0x00142a                  ___floatdisf
 .libm.floatundidf
                  0x00144a         0x56 /opt/microchip/xc16/v1.41/bin/bin/../../lib/libm-elf.a(floatundidf.eo)
                  0x00144a                  ___floatundidf
 .libm.floatundisf
                  0x0014a0         0x5e /opt/microchip/xc16/v1.41/bin/bin/../../lib/libm-elf.a(floatundisf.eo)
                  0x0014a0                  ___floatundisf
 .libm.fpack      0x0014fe         0x4c /opt/microchip/xc16/v1.41/bin/bin/../../lib/libm-elf.a(fpack.eo)
                  0x0014fe                  __fpack
 .libm.funpack2
                  0x00154a         0x10 /opt/microchip/xc16/v1.41/bin/bin/../../lib/libm-elf.a(funpack2.eo)
                  0x00154a                  __funpack2
 .libm.fPropagateNaN
                  0x00155a         0x12 /opt/microchip/xc16/v1.41/bin/bin/../../lib/libm-elf.a(futil.eo)
                  0x00155a                  __fPropagateNaN
 .libm.fbobExit
                  0x00156c          0x8 /opt/microchip/xc16/v1.41/bin/bin/../../lib/libm-elf.a(futil.eo)
                  0x00156c                  __fbopExit
 .libm.fbopReturnNaN
                  0x001574          0x6 /opt/microchip/xc16/v1.41/bin/bin/../../lib/libm-elf.a(futil.eo)
                  0x001574                  __fbopReturnNaN

usercode
 *(usercode)

__FUID0
 *(__FUID0.sec*)

__FUID1
 *(__FUID1.sec*)

__FUID2
 *(__FUID2.sec*)

__FUID3
 *(__FUID3.sec*)

__FOSC            0xf80000          0x2
 *(__FOSC.sec*)
 __FOSC.sec       0xf80000          0x2 build/default/production/seno.o

__FWDT            0xf80002          0x2
 *(__FWDT.sec*)
 __FWDT.sec       0xf80002          0x2 build/default/production/seno.o

__FBORPOR         0xf80004          0x2
 *(__FBORPOR.sec*)
 __FBORPOR.sec    0xf80004          0x2 build/default/production/seno.o

__RESERVED1
 *(__RESERVED1.sec*)

__RESERVED2
 *(__RESERVED2.sec*)

__FGS             0xf8000a          0x2
 *(__FGS.sec*)
 __FGS.sec        0xf8000a          0x2 /CW/_FGSêæ‚ƒæ‚__FGS.sec
                  0xf8000a                  __FGS.sec

__FICD
 *(__FICD.sec*)

user_eedata
 *(user_eedata)

userdata
 *(userdata)

.comment
 *(.comment)

.debug_info       0x000000        0x4a9
 *(.debug_info)
 .debug_info      0x000000        0x32a build/default/production/seno.o
 .debug_info      0x00032a        0x17f /opt/microchip/xc16/v1.41/lib/libdsp-elf.a(frct2flt.deo)
 *(.gnu.linkonce.wi.*)

.debug_abbrev     0x000000        0x103
 *(.debug_abbrev)
 .debug_abbrev    0x000000         0xa2 build/default/production/seno.o
 .debug_abbrev    0x0000a2         0x61 /opt/microchip/xc16/v1.41/lib/libdsp-elf.a(frct2flt.deo)

.debug_line       0x000000        0x195
 *(.debug_line)
 .debug_line      0x000000        0x142 build/default/production/seno.o
 .debug_line      0x000142         0x53 /opt/microchip/xc16/v1.41/lib/libdsp-elf.a(frct2flt.deo)

.debug_frame      0x000000         0x5a
 *(.debug_frame)
 .debug_frame     0x000000         0x36 build/default/production/seno.o
 .debug_frame     0x000036         0x24 /opt/microchip/xc16/v1.41/lib/libdsp-elf.a(frct2flt.deo)

.debug_loc
 *(.debug_loc)

.debug_macinfo
 *(.debug_macinfo)

.debug_pubnames
                  0x000000         0xbe
 *(.debug_pubnames)
 .debug_pubnames
                  0x000000         0x9c build/default/production/seno.o
 .debug_pubnames
                  0x00009c         0x22 /opt/microchip/xc16/v1.41/lib/libdsp-elf.a(frct2flt.deo)

.debug_ranges
 *(.debug_ranges)

.debug_aranges    0x000000         0x30
 *(.debug_aranges)
 .debug_aranges
                  0x000000         0x18 build/default/production/seno.o
 .debug_aranges
                  0x000018         0x18 /opt/microchip/xc16/v1.41/lib/libdsp-elf.a(frct2flt.deo)
                    0x0000                  WREG0 = 0x0
                    0x0000                  _WREG0 = 0x0
                    0x0002                  WREG1 = 0x2
                    0x0002                  _WREG1 = 0x2
                    0x0004                  WREG2 = 0x4
                    0x0004                  _WREG2 = 0x4
                    0x0006                  WREG3 = 0x6
                    0x0006                  _WREG3 = 0x6
                    0x0008                  WREG4 = 0x8
                    0x0008                  _WREG4 = 0x8
                    0x000a                  WREG5 = 0xa
                    0x000a                  _WREG5 = 0xa
                    0x000c                  WREG6 = 0xc
                    0x000c                  _WREG6 = 0xc
                    0x000e                  WREG7 = 0xe
                    0x000e                  _WREG7 = 0xe
                    0x0010                  WREG8 = 0x10
                    0x0010                  _WREG8 = 0x10
                    0x0012                  WREG9 = 0x12
                    0x0012                  _WREG9 = 0x12
                    0x0014                  WREG10 = 0x14
                    0x0014                  _WREG10 = 0x14
                    0x0016                  WREG11 = 0x16
                    0x0016                  _WREG11 = 0x16
                    0x0018                  WREG12 = 0x18
                    0x0018                  _WREG12 = 0x18
                    0x001a                  WREG13 = 0x1a
                    0x001a                  _WREG13 = 0x1a
                    0x001c                  WREG14 = 0x1c
                    0x001c                  _WREG14 = 0x1c
                    0x001e                  WREG15 = 0x1e
                    0x001e                  _WREG15 = 0x1e
                    0x0020                  SPLIM = 0x20
                    0x0020                  _SPLIM = 0x20
                    0x0022                  ACCAL = 0x22
                    0x0022                  _ACCAL = 0x22
                    0x0024                  ACCAH = 0x24
                    0x0024                  _ACCAH = 0x24
                    0x0026                  ACCAU = 0x26
                    0x0026                  _ACCAU = 0x26
                    0x0028                  ACCBL = 0x28
                    0x0028                  _ACCBL = 0x28
                    0x002a                  ACCBH = 0x2a
                    0x002a                  _ACCBH = 0x2a
                    0x002c                  ACCBU = 0x2c
                    0x002c                  _ACCBU = 0x2c
                    0x002e                  PCL = 0x2e
                    0x002e                  _PCL = 0x2e
                    0x0030                  PCH = 0x30
                    0x0030                  _PCH = 0x30
                    0x0032                  TBLPAG = 0x32
                    0x0032                  _TBLPAG = 0x32
                    0x0034                  PSVPAG = 0x34
                    0x0034                  _PSVPAG = 0x34
                    0x0036                  RCOUNT = 0x36
                    0x0036                  _RCOUNT = 0x36
                    0x0038                  DCOUNT = 0x38
                    0x0038                  _DCOUNT = 0x38
                    0x003a                  DOSTARTL = 0x3a
                    0x003a                  _DOSTARTL = 0x3a
                    0x003c                  DOSTARTH = 0x3c
                    0x003c                  _DOSTARTH = 0x3c
                    0x003e                  DOENDL = 0x3e
                    0x003e                  _DOENDL = 0x3e
                    0x0040                  DOENDH = 0x40
                    0x0040                  _DOENDH = 0x40
                    0x0042                  SR = 0x42
                    0x0042                  _SR = 0x42
                    0x0042                  _SRbits = 0x42
                    0x0044                  CORCON = 0x44
                    0x0044                  _CORCON = 0x44
                    0x0044                  _CORCONbits = 0x44
                    0x0046                  MODCON = 0x46
                    0x0046                  _MODCON = 0x46
                    0x0046                  _MODCONbits = 0x46
                    0x0048                  XMODSRT = 0x48
                    0x0048                  _XMODSRT = 0x48
                    0x004a                  XMODEND = 0x4a
                    0x004a                  _XMODEND = 0x4a
                    0x004c                  YMODSRT = 0x4c
                    0x004c                  _YMODSRT = 0x4c
                    0x004e                  YMODEND = 0x4e
                    0x004e                  _YMODEND = 0x4e
                    0x0050                  XBREV = 0x50
                    0x0050                  _XBREV = 0x50
                    0x0050                  _XBREVbits = 0x50
                    0x0052                  DISICNT = 0x52
                    0x0052                  _DISICNT = 0x52
                    0x0052                  _DISICNTbits = 0x52
                    0x0080                  INTCON1 = 0x80
                    0x0080                  _INTCON1 = 0x80
                    0x0080                  _INTCON1bits = 0x80
                    0x0082                  INTCON2 = 0x82
                    0x0082                  _INTCON2 = 0x82
                    0x0082                  _INTCON2bits = 0x82
                    0x0084                  IFS0 = 0x84
                    0x0084                  _IFS0 = 0x84
                    0x0084                  _IFS0bits = 0x84
                    0x0086                  IFS1 = 0x86
                    0x0086                  _IFS1 = 0x86
                    0x0086                  _IFS1bits = 0x86
                    0x0088                  IFS2 = 0x88
                    0x0088                  _IFS2 = 0x88
                    0x0088                  _IFS2bits = 0x88
                    0x008c                  IEC0 = 0x8c
                    0x008c                  _IEC0 = 0x8c
                    0x008c                  _IEC0bits = 0x8c
                    0x008e                  IEC1 = 0x8e
                    0x008e                  _IEC1 = 0x8e
                    0x008e                  _IEC1bits = 0x8e
                    0x0090                  IEC2 = 0x90
                    0x0090                  _IEC2 = 0x90
                    0x0090                  _IEC2bits = 0x90
                    0x0094                  IPC0 = 0x94
                    0x0094                  _IPC0 = 0x94
                    0x0094                  _IPC0bits = 0x94
                    0x0096                  IPC1 = 0x96
                    0x0096                  _IPC1 = 0x96
                    0x0096                  _IPC1bits = 0x96
                    0x0098                  IPC2 = 0x98
                    0x0098                  _IPC2 = 0x98
                    0x0098                  _IPC2bits = 0x98
                    0x009a                  IPC3 = 0x9a
                    0x009a                  _IPC3 = 0x9a
                    0x009a                  _IPC3bits = 0x9a
                    0x009c                  IPC4 = 0x9c
                    0x009c                  _IPC4 = 0x9c
                    0x009c                  _IPC4bits = 0x9c
                    0x009e                  IPC5 = 0x9e
                    0x009e                  _IPC5 = 0x9e
                    0x009e                  _IPC5bits = 0x9e
                    0x00a0                  IPC6 = 0xa0
                    0x00a0                  _IPC6 = 0xa0
                    0x00a0                  _IPC6bits = 0xa0
                    0x00a8                  IPC10 = 0xa8
                    0x00a8                  _IPC10 = 0xa8
                    0x00a8                  _IPC10bits = 0xa8
                    0x00b0                  INTTREG = 0xb0
                    0x00b0                  _INTTREG = 0xb0
                    0x00b0                  _INTTREGbits = 0xb0
                    0x00c0                  CNEN1 = 0xc0
                    0x00c0                  _CNEN1 = 0xc0
                    0x00c0                  _CNEN1bits = 0xc0
                    0x00c2                  CNEN2 = 0xc2
                    0x00c2                  _CNEN2 = 0xc2
                    0x00c2                  _CNEN2bits = 0xc2
                    0x00c4                  CNPU1 = 0xc4
                    0x00c4                  _CNPU1 = 0xc4
                    0x00c4                  _CNPU1bits = 0xc4
                    0x00c6                  CNPU2 = 0xc6
                    0x00c6                  _CNPU2 = 0xc6
                    0x00c6                  _CNPU2bits = 0xc6
                    0x0100                  TMR1 = 0x100
                    0x0100                  _TMR1 = 0x100
                    0x0102                  PR1 = 0x102
                    0x0102                  _PR1 = 0x102
                    0x0104                  T1CON = 0x104
                    0x0104                  _T1CON = 0x104
                    0x0104                  _T1CONbits = 0x104
                    0x0106                  TMR2 = 0x106
                    0x0106                  _TMR2 = 0x106
                    0x0108                  TMR3HLD = 0x108
                    0x0108                  _TMR3HLD = 0x108
                    0x010a                  TMR3 = 0x10a
                    0x010a                  _TMR3 = 0x10a
                    0x010c                  PR2 = 0x10c
                    0x010c                  _PR2 = 0x10c
                    0x010e                  PR3 = 0x10e
                    0x010e                  _PR3 = 0x10e
                    0x0110                  T2CON = 0x110
                    0x0110                  _T2CON = 0x110
                    0x0110                  _T2CONbits = 0x110
                    0x0112                  T3CON = 0x112
                    0x0112                  _T3CON = 0x112
                    0x0112                  _T3CONbits = 0x112
                    0x0114                  TMR4 = 0x114
                    0x0114                  _TMR4 = 0x114
                    0x0116                  TMR5HLD = 0x116
                    0x0116                  _TMR5HLD = 0x116
                    0x0118                  TMR5 = 0x118
                    0x0118                  _TMR5 = 0x118
                    0x011a                  PR4 = 0x11a
                    0x011a                  _PR4 = 0x11a
                    0x011c                  PR5 = 0x11c
                    0x011c                  _PR5 = 0x11c
                    0x011e                  T4CON = 0x11e
                    0x011e                  _T4CON = 0x11e
                    0x011e                  _T4CONbits = 0x11e
                    0x0120                  T5CON = 0x120
                    0x0120                  _T5CON = 0x120
                    0x0120                  _T5CONbits = 0x120
                    0x0140                  IC1BUF = 0x140
                    0x0140                  _IC1BUF = 0x140
                    0x0142                  IC1CON = 0x142
                    0x0142                  _IC1CON = 0x142
                    0x0142                  _IC1CONbits = 0x142
                    0x0144                  IC2BUF = 0x144
                    0x0144                  _IC2BUF = 0x144
                    0x0146                  IC2CON = 0x146
                    0x0146                  _IC2CON = 0x146
                    0x0146                  _IC2CONbits = 0x146
                    0x0158                  IC7BUF = 0x158
                    0x0158                  _IC7BUF = 0x158
                    0x015a                  IC7CON = 0x15a
                    0x015a                  _IC7CON = 0x15a
                    0x015a                  _IC7CONbits = 0x15a
                    0x015c                  IC8BUF = 0x15c
                    0x015c                  _IC8BUF = 0x15c
                    0x015e                  IC8CON = 0x15e
                    0x015e                  _IC8CON = 0x15e
                    0x015e                  _IC8CONbits = 0x15e
                    0x0180                  OC1RS = 0x180
                    0x0180                  _OC1RS = 0x180
                    0x0182                  OC1R = 0x182
                    0x0182                  _OC1R = 0x182
                    0x0184                  OC1CON = 0x184
                    0x0184                  _OC1CON = 0x184
                    0x0184                  _OC1CONbits = 0x184
                    0x0186                  OC2RS = 0x186
                    0x0186                  _OC2RS = 0x186
                    0x0188                  OC2R = 0x188
                    0x0188                  _OC2R = 0x188
                    0x018a                  OC2CON = 0x18a
                    0x018a                  _OC2CON = 0x18a
                    0x018a                  _OC2CONbits = 0x18a
                    0x018c                  OC3RS = 0x18c
                    0x018c                  _OC3RS = 0x18c
                    0x018e                  OC3R = 0x18e
                    0x018e                  _OC3R = 0x18e
                    0x0190                  OC3CON = 0x190
                    0x0190                  _OC3CON = 0x190
                    0x0190                  _OC3CONbits = 0x190
                    0x0192                  OC4RS = 0x192
                    0x0192                  _OC4RS = 0x192
                    0x0194                  OC4R = 0x194
                    0x0194                  _OC4R = 0x194
                    0x0196                  OC4CON = 0x196
                    0x0196                  _OC4CON = 0x196
                    0x0196                  _OC4CONbits = 0x196
                    0x0200                  I2CRCV = 0x200
                    0x0200                  _I2CRCV = 0x200
                    0x0200                  _I2CRCVbits = 0x200
                    0x0202                  I2CTRN = 0x202
                    0x0202                  _I2CTRN = 0x202
                    0x0202                  _I2CTRNbits = 0x202
                    0x0204                  I2CBRG = 0x204
                    0x0204                  _I2CBRG = 0x204
                    0x0204                  _I2CBRGbits = 0x204
                    0x0206                  I2CCON = 0x206
                    0x0206                  _I2CCON = 0x206
                    0x0206                  _I2CCONbits = 0x206
                    0x0208                  I2CSTAT = 0x208
                    0x0208                  _I2CSTAT = 0x208
                    0x0208                  _I2CSTATbits = 0x208
                    0x020a                  I2CADD = 0x20a
                    0x020a                  _I2CADD = 0x20a
                    0x020a                  _I2CADDbits = 0x20a
                    0x020c                  U1MODE = 0x20c
                    0x020c                  _U1MODE = 0x20c
                    0x020c                  _U1MODEbits = 0x20c
                    0x020e                  U1STA = 0x20e
                    0x020e                  _U1STA = 0x20e
                    0x020e                  _U1STAbits = 0x20e
                    0x0210                  U1TXREG = 0x210
                    0x0210                  _U1TXREG = 0x210
                    0x0210                  _U1TXREGbits = 0x210
                    0x0212                  U1RXREG = 0x212
                    0x0212                  _U1RXREG = 0x212
                    0x0212                  _U1RXREGbits = 0x212
                    0x0214                  U1BRG = 0x214
                    0x0214                  _U1BRG = 0x214
                    0x0216                  U2MODE = 0x216
                    0x0216                  _U2MODE = 0x216
                    0x0216                  _U2MODEbits = 0x216
                    0x0218                  U2STA = 0x218
                    0x0218                  _U2STA = 0x218
                    0x0218                  _U2STAbits = 0x218
                    0x021a                  U2TXREG = 0x21a
                    0x021a                  _U2TXREG = 0x21a
                    0x021a                  _U2TXREGbits = 0x21a
                    0x021c                  U2RXREG = 0x21c
                    0x021c                  _U2RXREG = 0x21c
                    0x021c                  _U2RXREGbits = 0x21c
                    0x021e                  U2BRG = 0x21e
                    0x021e                  _U2BRG = 0x21e
                    0x0220                  SPI1STAT = 0x220
                    0x0220                  _SPI1STAT = 0x220
                    0x0220                  _SPI1STATbits = 0x220
                    0x0222                  SPI1CON = 0x222
                    0x0222                  _SPI1CON = 0x222
                    0x0222                  _SPI1CONbits = 0x222
                    0x0224                  SPI1BUF = 0x224
                    0x0224                  _SPI1BUF = 0x224
                    0x0240                  DCICON1 = 0x240
                    0x0240                  _DCICON1 = 0x240
                    0x0240                  _DCICON1bits = 0x240
                    0x0242                  DCICON2 = 0x242
                    0x0242                  _DCICON2 = 0x242
                    0x0242                  _DCICON2bits = 0x242
                    0x0244                  DCICON3 = 0x244
                    0x0244                  _DCICON3 = 0x244
                    0x0244                  _DCICON3bits = 0x244
                    0x0246                  DCISTAT = 0x246
                    0x0246                  _DCISTAT = 0x246
                    0x0246                  _DCISTATbits = 0x246
                    0x0248                  TSCON = 0x248
                    0x0248                  _TSCON = 0x248
                    0x0248                  _TSCONbits = 0x248
                    0x024c                  RSCON = 0x24c
                    0x024c                  _RSCON = 0x24c
                    0x024c                  _RSCONbits = 0x24c
                    0x0250                  RXBUF0 = 0x250
                    0x0250                  _RXBUF0 = 0x250
                    0x0252                  RXBUF1 = 0x252
                    0x0252                  _RXBUF1 = 0x252
                    0x0254                  RXBUF2 = 0x254
                    0x0254                  _RXBUF2 = 0x254
                    0x0256                  RXBUF3 = 0x256
                    0x0256                  _RXBUF3 = 0x256
                    0x0258                  TXBUF0 = 0x258
                    0x0258                  _TXBUF0 = 0x258
                    0x025a                  TXBUF1 = 0x25a
                    0x025a                  _TXBUF1 = 0x25a
                    0x025c                  TXBUF2 = 0x25c
                    0x025c                  _TXBUF2 = 0x25c
                    0x025e                  TXBUF3 = 0x25e
                    0x025e                  _TXBUF3 = 0x25e
                    0x0280                  ADCBUF0 = 0x280
                    0x0280                  _ADCBUF0 = 0x280
                    0x0282                  ADCBUF1 = 0x282
                    0x0282                  _ADCBUF1 = 0x282
                    0x0284                  ADCBUF2 = 0x284
                    0x0284                  _ADCBUF2 = 0x284
                    0x0286                  ADCBUF3 = 0x286
                    0x0286                  _ADCBUF3 = 0x286
                    0x0288                  ADCBUF4 = 0x288
                    0x0288                  _ADCBUF4 = 0x288
                    0x028a                  ADCBUF5 = 0x28a
                    0x028a                  _ADCBUF5 = 0x28a
                    0x028c                  ADCBUF6 = 0x28c
                    0x028c                  _ADCBUF6 = 0x28c
                    0x028e                  ADCBUF7 = 0x28e
                    0x028e                  _ADCBUF7 = 0x28e
                    0x0290                  ADCBUF8 = 0x290
                    0x0290                  _ADCBUF8 = 0x290
                    0x0292                  ADCBUF9 = 0x292
                    0x0292                  _ADCBUF9 = 0x292
                    0x0294                  ADCBUFA = 0x294
                    0x0294                  _ADCBUFA = 0x294
                    0x0296                  ADCBUFB = 0x296
                    0x0296                  _ADCBUFB = 0x296
                    0x0298                  ADCBUFC = 0x298
                    0x0298                  _ADCBUFC = 0x298
                    0x029a                  ADCBUFD = 0x29a
                    0x029a                  _ADCBUFD = 0x29a
                    0x029c                  ADCBUFE = 0x29c
                    0x029c                  _ADCBUFE = 0x29c
                    0x029e                  ADCBUFF = 0x29e
                    0x029e                  _ADCBUFF = 0x29e
                    0x02a0                  ADCON1 = 0x2a0
                    0x02a0                  _ADCON1 = 0x2a0
                    0x02a0                  _ADCON1bits = 0x2a0
                    0x02a2                  ADCON2 = 0x2a2
                    0x02a2                  _ADCON2 = 0x2a2
                    0x02a2                  _ADCON2bits = 0x2a2
                    0x02a4                  ADCON3 = 0x2a4
                    0x02a4                  _ADCON3 = 0x2a4
                    0x02a4                  _ADCON3bits = 0x2a4
                    0x02a6                  ADCHS = 0x2a6
                    0x02a6                  _ADCHS = 0x2a6
                    0x02a6                  _ADCHSbits = 0x2a6
                    0x02a8                  ADPCFG = 0x2a8
                    0x02a8                  _ADPCFG = 0x2a8
                    0x02a8                  _ADPCFGbits = 0x2a8
                    0x02aa                  ADCSSL = 0x2aa
                    0x02aa                  _ADCSSL = 0x2aa
                    0x02aa                  _ADCSSLbits = 0x2aa
                    0x02c0                  TRISA = 0x2c0
                    0x02c0                  _TRISA = 0x2c0
                    0x02c0                  _TRISAbits = 0x2c0
                    0x02c2                  PORTA = 0x2c2
                    0x02c2                  _PORTA = 0x2c2
                    0x02c2                  _PORTAbits = 0x2c2
                    0x02c4                  LATA = 0x2c4
                    0x02c4                  _LATA = 0x2c4
                    0x02c4                  _LATAbits = 0x2c4
                    0x02c6                  TRISB = 0x2c6
                    0x02c6                  _TRISB = 0x2c6
                    0x02c6                  _TRISBbits = 0x2c6
                    0x02c8                  PORTB = 0x2c8
                    0x02c8                  _PORTB = 0x2c8
                    0x02c8                  _PORTBbits = 0x2c8
                    0x02ca                  LATB = 0x2ca
                    0x02ca                  _LATB = 0x2ca
                    0x02ca                  _LATBbits = 0x2ca
                    0x02cc                  TRISC = 0x2cc
                    0x02cc                  _TRISC = 0x2cc
                    0x02cc                  _TRISCbits = 0x2cc
                    0x02ce                  PORTC = 0x2ce
                    0x02ce                  _PORTC = 0x2ce
                    0x02ce                  _PORTCbits = 0x2ce
                    0x02d0                  LATC = 0x2d0
                    0x02d0                  _LATC = 0x2d0
                    0x02d0                  _LATCbits = 0x2d0
                    0x02d2                  TRISD = 0x2d2
                    0x02d2                  _TRISD = 0x2d2
                    0x02d2                  _TRISDbits = 0x2d2
                    0x02d4                  PORTD = 0x2d4
                    0x02d4                  _PORTD = 0x2d4
                    0x02d4                  _PORTDbits = 0x2d4
                    0x02d6                  LATD = 0x2d6
                    0x02d6                  _LATD = 0x2d6
                    0x02d6                  _LATDbits = 0x2d6
                    0x02de                  TRISF = 0x2de
                    0x02de                  _TRISF = 0x2de
                    0x02de                  _TRISFbits = 0x2de
                    0x02e0                  PORTF = 0x2e0
                    0x02e0                  _PORTF = 0x2e0
                    0x02e0                  _PORTFbits = 0x2e0
                    0x02e2                  LATF = 0x2e2
                    0x02e2                  _LATF = 0x2e2
                    0x02e2                  _LATFbits = 0x2e2
                    0x0300                  C1RXF0SID = 0x300
                    0x0300                  _C1RXF0SID = 0x300
                    0x0300                  _C1RXF0SIDbits = 0x300
                    0x0302                  C1RXF0EIDH = 0x302
                    0x0302                  _C1RXF0EIDH = 0x302
                    0x0302                  _C1RXF0EIDHbits = 0x302
                    0x0304                  C1RXF0EIDL = 0x304
                    0x0304                  _C1RXF0EIDL = 0x304
                    0x0304                  _C1RXF0EIDLbits = 0x304
                    0x0308                  C1RXF1SID = 0x308
                    0x0308                  _C1RXF1SID = 0x308
                    0x0308                  _C1RXF1SIDbits = 0x308
                    0x030a                  C1RXF1EIDH = 0x30a
                    0x030a                  _C1RXF1EIDH = 0x30a
                    0x030a                  _C1RXF1EIDHbits = 0x30a
                    0x030c                  C1RXF1EIDL = 0x30c
                    0x030c                  _C1RXF1EIDL = 0x30c
                    0x030c                  _C1RXF1EIDLbits = 0x30c
                    0x0310                  C1RXF2SID = 0x310
                    0x0310                  _C1RXF2SID = 0x310
                    0x0310                  _C1RXF2SIDbits = 0x310
                    0x0312                  C1RXF2EIDH = 0x312
                    0x0312                  _C1RXF2EIDH = 0x312
                    0x0312                  _C1RXF2EIDHbits = 0x312
                    0x0314                  C1RXF2EIDL = 0x314
                    0x0314                  _C1RXF2EIDL = 0x314
                    0x0314                  _C1RXF2EIDLbits = 0x314
                    0x0318                  C1RXF3SID = 0x318
                    0x0318                  _C1RXF3SID = 0x318
                    0x0318                  _C1RXF3SIDbits = 0x318
                    0x031a                  C1RXF3EIDH = 0x31a
                    0x031a                  _C1RXF3EIDH = 0x31a
                    0x031a                  _C1RXF3EIDHbits = 0x31a
                    0x031c                  C1RXF3EIDL = 0x31c
                    0x031c                  _C1RXF3EIDL = 0x31c
                    0x031c                  _C1RXF3EIDLbits = 0x31c
                    0x0320                  C1RXF4SID = 0x320
                    0x0320                  _C1RXF4SID = 0x320
                    0x0320                  _C1RXF4SIDbits = 0x320
                    0x0322                  C1RXF4EIDH = 0x322
                    0x0322                  _C1RXF4EIDH = 0x322
                    0x0322                  _C1RXF4EIDHbits = 0x322
                    0x0324                  C1RXF4EIDL = 0x324
                    0x0324                  _C1RXF4EIDL = 0x324
                    0x0324                  _C1RXF4EIDLbits = 0x324
                    0x0328                  C1RXF5SID = 0x328
                    0x0328                  _C1RXF5SID = 0x328
                    0x0328                  _C1RXF5SIDbits = 0x328
                    0x032a                  C1RXF5EIDH = 0x32a
                    0x032a                  _C1RXF5EIDH = 0x32a
                    0x032a                  _C1RXF5EIDHbits = 0x32a
                    0x032c                  C1RXF5EIDL = 0x32c
                    0x032c                  _C1RXF5EIDL = 0x32c
                    0x032c                  _C1RXF5EIDLbits = 0x32c
                    0x0330                  C1RXM0SID = 0x330
                    0x0330                  _C1RXM0SID = 0x330
                    0x0330                  _C1RXM0SIDbits = 0x330
                    0x0332                  C1RXM0EIDH = 0x332
                    0x0332                  _C1RXM0EIDH = 0x332
                    0x0332                  _C1RXM0EIDHbits = 0x332
                    0x0334                  C1RXM0EIDL = 0x334
                    0x0334                  _C1RXM0EIDL = 0x334
                    0x0334                  _C1RXM0EIDLbits = 0x334
                    0x0338                  C1RXM1SID = 0x338
                    0x0338                  _C1RXM1SID = 0x338
                    0x0338                  _C1RXM1SIDbits = 0x338
                    0x033a                  C1RXM1EIDH = 0x33a
                    0x033a                  _C1RXM1EIDH = 0x33a
                    0x033a                  _C1RXM1EIDHbits = 0x33a
                    0x033c                  C1RXM1EIDL = 0x33c
                    0x033c                  _C1RXM1EIDL = 0x33c
                    0x033c                  _C1RXM1EIDLbits = 0x33c
                    0x0340                  C1TX2SID = 0x340
                    0x0340                  _C1TX2SID = 0x340
                    0x0340                  _C1TX2SIDbits = 0x340
                    0x0342                  C1TX2EID = 0x342
                    0x0342                  _C1TX2EID = 0x342
                    0x0342                  _C1TX2EIDbits = 0x342
                    0x0344                  C1TX2DLC = 0x344
                    0x0344                  _C1TX2DLC = 0x344
                    0x0344                  _C1TX2DLCbits = 0x344
                    0x0346                  C1TX2B1 = 0x346
                    0x0346                  _C1TX2B1 = 0x346
                    0x0346                  _C1TX2B1bits = 0x346
                    0x0348                  C1TX2B2 = 0x348
                    0x0348                  _C1TX2B2 = 0x348
                    0x0348                  _C1TX2B2bits = 0x348
                    0x034a                  C1TX2B3 = 0x34a
                    0x034a                  _C1TX2B3 = 0x34a
                    0x034a                  _C1TX2B3bits = 0x34a
                    0x034c                  C1TX2B4 = 0x34c
                    0x034c                  _C1TX2B4 = 0x34c
                    0x034c                  _C1TX2B4bits = 0x34c
                    0x034e                  C1TX2CON = 0x34e
                    0x034e                  _C1TX2CON = 0x34e
                    0x034e                  _C1TX2CONbits = 0x34e
                    0x0350                  C1TX1SID = 0x350
                    0x0350                  _C1TX1SID = 0x350
                    0x0350                  _C1TX1SIDbits = 0x350
                    0x0352                  C1TX1EID = 0x352
                    0x0352                  _C1TX1EID = 0x352
                    0x0352                  _C1TX1EIDbits = 0x352
                    0x0354                  C1TX1DLC = 0x354
                    0x0354                  _C1TX1DLC = 0x354
                    0x0354                  _C1TX1DLCbits = 0x354
                    0x0356                  C1TX1B1 = 0x356
                    0x0356                  _C1TX1B1 = 0x356
                    0x0356                  _C1TX1B1bits = 0x356
                    0x0358                  C1TX1B2 = 0x358
                    0x0358                  _C1TX1B2 = 0x358
                    0x0358                  _C1TX1B2bits = 0x358
                    0x035a                  C1TX1B3 = 0x35a
                    0x035a                  _C1TX1B3 = 0x35a
                    0x035a                  _C1TX1B3bits = 0x35a
                    0x035c                  C1TX1B4 = 0x35c
                    0x035c                  _C1TX1B4 = 0x35c
                    0x035c                  _C1TX1B4bits = 0x35c
                    0x035e                  C1TX1CON = 0x35e
                    0x035e                  _C1TX1CON = 0x35e
                    0x035e                  _C1TX1CONbits = 0x35e
                    0x0360                  C1TX0SID = 0x360
                    0x0360                  _C1TX0SID = 0x360
                    0x0360                  _C1TX0SIDbits = 0x360
                    0x0362                  C1TX0EID = 0x362
                    0x0362                  _C1TX0EID = 0x362
                    0x0362                  _C1TX0EIDbits = 0x362
                    0x0364                  C1TX0DLC = 0x364
                    0x0364                  _C1TX0DLC = 0x364
                    0x0364                  _C1TX0DLCbits = 0x364
                    0x0366                  C1TX0B1 = 0x366
                    0x0366                  _C1TX0B1 = 0x366
                    0x0366                  _C1TX0B1bits = 0x366
                    0x0368                  C1TX0B2 = 0x368
                    0x0368                  _C1TX0B2 = 0x368
                    0x0368                  _C1TX0B2bits = 0x368
                    0x036a                  C1TX0B3 = 0x36a
                    0x036a                  _C1TX0B3 = 0x36a
                    0x036a                  _C1TX0B3bits = 0x36a
                    0x036c                  C1TX0B4 = 0x36c
                    0x036c                  _C1TX0B4 = 0x36c
                    0x036c                  _C1TX0B4bits = 0x36c
                    0x036e                  C1TX0CON = 0x36e
                    0x036e                  _C1TX0CON = 0x36e
                    0x036e                  _C1TX0CONbits = 0x36e
                    0x0370                  C1RX1SID = 0x370
                    0x0370                  _C1RX1SID = 0x370
                    0x0370                  _C1RX1SIDbits = 0x370
                    0x0372                  C1RX1EID = 0x372
                    0x0372                  _C1RX1EID = 0x372
                    0x0372                  _C1RX1EIDbits = 0x372
                    0x0374                  C1RX1DLC = 0x374
                    0x0374                  _C1RX1DLC = 0x374
                    0x0374                  _C1RX1DLCbits = 0x374
                    0x0376                  C1RX1B1 = 0x376
                    0x0376                  _C1RX1B1 = 0x376
                    0x0376                  _C1RX1B1bits = 0x376
                    0x0378                  C1RX1B2 = 0x378
                    0x0378                  _C1RX1B2 = 0x378
                    0x0378                  _C1RX1B2bits = 0x378
                    0x037a                  C1RX1B3 = 0x37a
                    0x037a                  _C1RX1B3 = 0x37a
                    0x037a                  _C1RX1B3bits = 0x37a
                    0x037c                  C1RX1B4 = 0x37c
                    0x037c                  _C1RX1B4 = 0x37c
                    0x037c                  _C1RX1B4bits = 0x37c
                    0x037e                  C1RX1CON = 0x37e
                    0x037e                  _C1RX1CON = 0x37e
                    0x037e                  _C1RX1CONbits = 0x37e
                    0x0380                  C1RX0SID = 0x380
                    0x0380                  _C1RX0SID = 0x380
                    0x0380                  _C1RX0SIDbits = 0x380
                    0x0382                  C1RX0EID = 0x382
                    0x0382                  _C1RX0EID = 0x382
                    0x0382                  _C1RX0EIDbits = 0x382
                    0x0384                  C1RX0DLC = 0x384
                    0x0384                  _C1RX0DLC = 0x384
                    0x0384                  _C1RX0DLCbits = 0x384
                    0x0386                  C1RX0B1 = 0x386
                    0x0386                  _C1RX0B1 = 0x386
                    0x0386                  _C1RX0B1bits = 0x386
                    0x0388                  C1RX0B2 = 0x388
                    0x0388                  _C1RX0B2 = 0x388
                    0x0388                  _C1RX0B2bits = 0x388
                    0x038a                  C1RX0B3 = 0x38a
                    0x038a                  _C1RX0B3 = 0x38a
                    0x038a                  _C1RX0B3bits = 0x38a
                    0x038c                  C1RX0B4 = 0x38c
                    0x038c                  _C1RX0B4 = 0x38c
                    0x038c                  _C1RX0B4bits = 0x38c
                    0x038e                  C1RX0CON = 0x38e
                    0x038e                  _C1RX0CON = 0x38e
                    0x038e                  _C1RX0CONbits = 0x38e
                    0x0390                  C1CTRL = 0x390
                    0x0390                  _C1CTRL = 0x390
                    0x0390                  _C1CTRLbits = 0x390
                    0x0392                  C1CFG1 = 0x392
                    0x0392                  _C1CFG1 = 0x392
                    0x0392                  _C1CFG1bits = 0x392
                    0x0394                  C1CFG2 = 0x394
                    0x0394                  _C1CFG2 = 0x394
                    0x0394                  _C1CFG2bits = 0x394
                    0x0396                  C1INTF = 0x396
                    0x0396                  _C1INTF = 0x396
                    0x0396                  _C1INTFbits = 0x396
                    0x0398                  C1INTE = 0x398
                    0x0398                  _C1INTE = 0x398
                    0x0398                  _C1INTEbits = 0x398
                    0x039a                  C1EC = 0x39a
                    0x039a                  _C1EC = 0x39a
                    0x039a                  _C1ECbits = 0x39a
                    0x039a                  C1RERRCNT = 0x39a
                    0x039a                  _C1RERRCNT = 0x39a
                    0x039b                  C1TERRCNT = 0x39b
                    0x039b                  _C1TERRCNT = 0x39b
                    0x0740                  RCON = 0x740
                    0x0740                  _RCON = 0x740
                    0x0740                  _RCONbits = 0x740
                    0x0742                  OSCCON = 0x742
                    0x0742                  _OSCCON = 0x742
                    0x0742                  _OSCCONbits = 0x742
                    0x0742                  OSCCONL = 0x742
                    0x0742                  _OSCCONL = 0x742
                    0x0743                  OSCCONH = 0x743
                    0x0743                  _OSCCONH = 0x743
                    0x0744                  OSCTUN = 0x744
                    0x0744                  _OSCTUN = 0x744
                    0x0744                  _OSCTUNbits = 0x744
                    0x0760                  NVMCON = 0x760
                    0x0760                  _NVMCON = 0x760
                    0x0760                  _NVMCONbits = 0x760
                    0x0762                  NVMADR = 0x762
                    0x0762                  _NVMADR = 0x762
                    0x0764                  NVMADRU = 0x764
                    0x0764                  _NVMADRU = 0x764
                    0x0764                  _NVMADRUbits = 0x764
                    0x0766                  NVMKEY = 0x766
                    0x0766                  _NVMKEY = 0x766
                    0x0770                  PMD1 = 0x770
                    0x0770                  _PMD1 = 0x770
                    0x0770                  _PMD1bits = 0x770
                    0x0772                  PMD2 = 0x772
                    0x0772                  _PMD2 = 0x772
                    0x0772                  _PMD2bits = 0x772
                    0x0022                  ACCA = 0x22
                    0x0022                  _ACCA = 0x22
                    0x0028                  ACCB = 0x28
                    0x0028                  _ACCB = 0x28
                    0x0300                  CAN1 = 0x300
                    0x0300                  _CAN1 = 0x300
                    0x0140                  IC1 = 0x140
                    0x0140                  _IC1 = 0x140
                    0x0144                  IC2 = 0x144
                    0x0144                  _IC2 = 0x144
                    0x0158                  IC7 = 0x158
                    0x0158                  _IC7 = 0x158
                    0x015c                  IC8 = 0x15c
                    0x015c                  _IC8 = 0x15c
                    0x0180                  OC1 = 0x180
                    0x0180                  _OC1 = 0x180
                    0x0186                  OC2 = 0x186
                    0x0186                  _OC2 = 0x186
                    0x018c                  OC3 = 0x18c
                    0x018c                  _OC3 = 0x18c
                    0x0192                  OC4 = 0x192
                    0x0192                  _OC4 = 0x192
                    0x0220                  SPI1 = 0x220
                    0x0220                  _SPI1 = 0x220
                    0x020c                  UART1 = 0x20c
                    0x020c                  _UART1 = 0x20c
                    0x0216                  UART2 = 0x216
                    0x0216                  _UART2 = 0x216
START GROUP
LOAD /opt/microchip/xc16/v1.41/bin/bin/../../lib/liblega-pic30-elf.a
LOAD /opt/microchip/xc16/v1.41/bin/bin/../../lib/libm-elf.a
LOAD /opt/microchip/xc16/v1.41/bin/bin/../../lib/liblega-c-elf.a
END GROUP
OUTPUT(dist/default/production/seno.X.production.elf elf32-pic30)
LOAD /CW/_FGSêæ‚ƒæ‚__FGS.sec
LOAD default_isr
LOAD data_init

.debug_pubtypes
                  0x000030         0x5b
 .debug_pubtypes
                  0x000030         0x3a build/default/production/seno.o
 .debug_pubtypes
                  0x00006a         0x21 /opt/microchip/xc16/v1.41/lib/libdsp-elf.a(frct2flt.deo)

__c30_signature
                  0x00008b         0xf6
 __c30_signature
                  0x00008b          0x6 build/default/production/seno.o
 __c30_signature
                  0x000091          0x6 /opt/microchip/xc16/v1.41/lib/libdsp-elf.a(frct2flt.deo)
 __c30_signature
                  0x000097          0x6 /opt/microchip/xc16/v1.41/lib/libc-elf.a(printf_fF.XXeo)
 __c30_signature
                  0x00009d          0x6 /opt/microchip/xc16/v1.41/lib/libc-elf.a(_iob.eo)
 __c30_signature
                  0x0000a3          0x6 /opt/microchip/xc16/v1.41/lib/libc-elf.a(doprnt_fF.XXeo)
 __c30_signature
                  0x0000a9          0x6 /opt/microchip/xc16/v1.41/lib/libc-elf.a(fputc.eo)
 __c30_signature
                  0x0000af          0x6 /opt/microchip/xc16/v1.41/lib/libc-elf.a(powers.dXXeo)
 __c30_signature
                  0x0000b5          0x6 /opt/microchip/xc16/v1.41/lib/libc-elf.a(flsbuf.eo)
 __c30_signature
                  0x0000bb          0x6 /opt/microchip/xc16/v1.41/lib/libpic30-elf.a(crt0_standard.o)
 __c30_signature
                  0x0000c1          0x6 /opt/microchip/xc16/v1.41/lib/libpic30-elf.a(data_init_standard.o)
 __c30_signature
                  0x0000c7          0x6 /opt/microchip/xc16/v1.41/lib/libpic30-elf.a(write.eo)
 __c30_signature
                  0x0000cd          0x6 /opt/microchip/xc16/v1.41/lib/libpic30-elf.a(c30_uart.eo)
 __c30_signature
                  0x0000d3          0x6 /opt/microchip/xc16/v1.41/bin/bin/../../lib/libm-elf.a(adddf3.eo)
 __c30_signature
                  0x0000d9          0x6 /opt/microchip/xc16/v1.41/bin/bin/../../lib/libm-elf.a(deqltle.eo)
 __c30_signature
                  0x0000df          0x6 /opt/microchip/xc16/v1.41/bin/bin/../../lib/libm-elf.a(dgtge.eo)
 __c30_signature
                  0x0000e5          0x6 /opt/microchip/xc16/v1.41/bin/bin/../../lib/libm-elf.a(divdf3.eo)
 __c30_signature
                  0x0000eb          0x6 /opt/microchip/xc16/v1.41/bin/bin/../../lib/libm-elf.a(dne.eo)
 __c30_signature
                  0x0000f1          0x6 /opt/microchip/xc16/v1.41/bin/bin/../../lib/libm-elf.a(dpack.eo)
 __c30_signature
                  0x0000f7          0x6 /opt/microchip/xc16/v1.41/bin/bin/../../lib/libm-elf.a(dunpack2.eo)
 __c30_signature
                  0x0000fd          0x6 /opt/microchip/xc16/v1.41/bin/bin/../../lib/libm-elf.a(extendsfdf.eo)
 __c30_signature
                  0x000103          0x6 /opt/microchip/xc16/v1.41/bin/bin/../../lib/libm-elf.a(fixunsdfdi.eo)
 __c30_signature
                  0x000109          0x6 /opt/microchip/xc16/v1.41/bin/bin/../../lib/libm-elf.a(floatsisf.eo)
 __c30_signature
                  0x00010f          0x6 /opt/microchip/xc16/v1.41/bin/bin/../../lib/libm-elf.a(floatunsidf.eo)
 __c30_signature
                  0x000115          0x6 /opt/microchip/xc16/v1.41/bin/bin/../../lib/libm-elf.a(frexp.eo)
 __c30_signature
                  0x00011b          0x6 /opt/microchip/xc16/v1.41/bin/bin/../../lib/libm-elf.a(funpack.eo)
 __c30_signature
                  0x000121          0x6 /opt/microchip/xc16/v1.41/bin/bin/../../lib/libm-elf.a(muldf3.eo)
 __c30_signature
                  0x000127          0x6 /opt/microchip/xc16/v1.41/bin/bin/../../lib/libm-elf.a(mulsf3.eo)
 __c30_signature
                  0x00012d          0x6 /opt/microchip/xc16/v1.41/bin/bin/../../lib/libm-elf.a(subdf3.eo)
 __c30_signature
                  0x000133          0x6 /opt/microchip/xc16/v1.41/bin/bin/../../lib/libm-elf.a(udivsi3.eo)
 __c30_signature
                  0x000139          0x6 /opt/microchip/xc16/v1.41/bin/bin/../../lib/libm-elf.a(umodsi3.eo)
 __c30_signature
                  0x00013f          0x6 /opt/microchip/xc16/v1.41/bin/bin/../../lib/libm-elf.a(mulsi3.eo)
 __c30_signature
                  0x000145          0x6 /opt/microchip/xc16/v1.41/bin/bin/../../lib/libm-elf.a(dcompare.eo)
 __c30_signature
                  0x00014b          0x6 /opt/microchip/xc16/v1.41/bin/bin/../../lib/libm-elf.a(dpropagateNaN.eo)
 __c30_signature
                  0x000151          0x6 /opt/microchip/xc16/v1.41/bin/bin/../../lib/libm-elf.a(dtype.eo)
 __c30_signature
                  0x000157          0x6 /opt/microchip/xc16/v1.41/bin/bin/../../lib/libm-elf.a(dunpack.eo)
 __c30_signature
                  0x00015d          0x6 /opt/microchip/xc16/v1.41/bin/bin/../../lib/libm-elf.a(floatdisf.eo)
 __c30_signature
                  0x000163          0x6 /opt/microchip/xc16/v1.41/bin/bin/../../lib/libm-elf.a(floatundidf.eo)
 __c30_signature
                  0x000169          0x6 /opt/microchip/xc16/v1.41/bin/bin/../../lib/libm-elf.a(floatundisf.eo)
 __c30_signature
                  0x00016f          0x6 /opt/microchip/xc16/v1.41/bin/bin/../../lib/libm-elf.a(fpack.eo)
 __c30_signature
                  0x000175          0x6 /opt/microchip/xc16/v1.41/bin/bin/../../lib/libm-elf.a(funpack2.eo)
 __c30_signature
                  0x00017b          0x6 /opt/microchip/xc16/v1.41/bin/bin/../../lib/libm-elf.a(futil.eo)

.ndata              0x0800         0x2c
 .ndata             0x0800         0x2c build/default/production/seno.o
                    0x0800                  _b
                    0x080c                  _c
                    0x0818                  _coef
                    0x0822                  _val

.nbss               0x082c         0x1e
 .nbss              0x082c         0x1e build/default/production/seno.o
                    0x082c                  _a
                    0x082e                  _pchar
                    0x0830                  _sum
                    0x083a                  _Y
                    0x083c                  _dosY
                    0x083e                  _start
                    0x0842                  _stop

.data               0x084a        0x1c6
 .data              0x084a        0x160 /opt/microchip/xc16/v1.41/lib/libc-elf.a(powers.dXXeo)
                    0x084a                  __powers_
                    0x08fa                  __npowers_
 .data              0x09aa         0x40 /opt/microchip/xc16/v1.41/lib/libc-elf.a(doprnt_fF.XXeo)
 .data              0x09ea         0x26 /opt/microchip/xc16/v1.41/lib/libc-elf.a(_iob.eo)
                    0x09ea                  __iob
                    0x0a0e                  __Files

.bss                0x0a10          0x6
 .bss               0x0a10          0x6 /opt/microchip/xc16/v1.41/lib/libc-elf.a(_iob.eo)
                    0x0a10                  __outdone
                    0x0a11                  __sibuf
                    0x0a13                  __sobuf

.data               0x0a16          0x2
 .data              0x0a16          0x2 /opt/microchip/xc16/v1.41/lib/libpic30-elf.a(c30_uart.eo)
                    0x0a16                  ___C30_UART

.const              0x957a          0x4 load address 0x00157a  
 .const             0x957a          0x4 build/default/production/seno.o

.dinit            0x00157e        0x17e
 .dinit           0x00157e        0x17e data_init

.text             0x0016fc         0x4c
 .text            0x0016fc         0x4c build/default/production/seno.o
                  0x0016fc                  _main
